cd raw\law\
三一九槍擊事件真相調查特別委員會條例.docx
下水道法.docx
不動產估價師法.docx
不動產經紀業管理條例.docx
不動產證券化條例.docx
中國輸出入銀行條例.docx
中央健康保險局組織條例.docx
中央政府建設公債及借款條例.docx
中央政府機關總員額法.docx
中央法規標準法.docx
中央研究院組織法.docx
中央行政機關組織基準法.docx
中央警察大學組織條例.docx
中央通訊社設置條例.docx
中央選舉委員會組織法.docx
中央銀行法.docx
中小企業發展條例.docx
中華民國七十七年罪犯減刑條例.docx
中華民國九十六年罪犯減刑條例.docx
中華民國八十年罪犯減刑條例.docx
中華民國刑法施行法.docx
中華民國國徽國旗法.docx
中華民國專屬經濟海域及大陸礁層法.docx
中華民國憲法增修條文.docx
中華民國紅十字會法.docx
中華民國總統府組織法.docx
中華民國領海及鄰接區法.docx
中華郵政股份有限公司設置條例.docx
中華電信股份有限公司條例.docx
中醫藥發展法.docx
中高齡者及高齡者就業促進法.docx
主計機構人員設置管理條例.docx
九二一震災重建暫行條例.docx
事業用爆炸物管理條例.docx
二二八事件處理及補償條例.docx
二二八事件處理及賠償條例.docx
交通事業人員任用條例.docx
交通事業人員考成條例.docx
交通部中央氣象署組織法.docx
交通部公路局組織法.docx
交通部公路總局各區監理所組織通則.docx
交通部公路總局組織條例.docx
交通部公路總局組織法.docx
交通部民用航空局組織條例.docx
交通部民用航空局組織法.docx
交通部民用航空局飛航服務總臺組織條例.docx
交通部組織法.docx
交通部臺灣鐵路管理局所屬分支機構組織通則.docx
交通部臺灣鐵路管理局組織條例.docx
交通部航港局組織法.docx
交通部觀光局組織條例.docx
交通部觀光署組織法.docx
交通部運輸研究所組織法.docx
交通部郵電事業人員退休撫卹條例.docx
交通部鐵道局組織法.docx
交通部高速公路局組織法.docx
人事管理條例.docx
人口販運防制法.docx
人工生殖法.docx
人民團體法.docx
人類免疫缺乏病毒傳染防治及感染者權益保障條例.docx
人體器官移植條例.docx
人體生物資料庫管理條例.docx
人體研究法.docx
仲裁法.docx
企業併購法.docx
低放射性廢棄物最終處置設施場址設置條例.docx
住宅法.docx
使用牌照稅法.docx
促進民間參與公共建設法.docx
促進產業升級條例.docx
促進轉型正義條例.docx
保全業法.docx
保安處分執行法.docx
保險法.docx
信用合作社法.docx
信託業法.docx
信託法.docx
個人資料保護法.docx
偏遠地區學校教育發展條例.docx
停車場法.docx
健康食品管理法.docx
傳染病流行疫情嚴重期間司法程序特別條例.docx
傳染病防治法.docx
僑務委員會組織法.docx
優生保健法.docx
儲蓄互助社法.docx
光碟管理條例.docx
兒童及少年性交易防制條例.docx
兒童及少年性剝削防制條例.docx
兒童及少年未來教育與發展帳戶條例.docx
兒童及少年福利法.docx
兒童及少年福利與權益保障法.docx
兒童權利公約施行法.docx
兒童福利法.docx
入出國及移民法.docx
內政部入出國及移民署組織法.docx
內政部國土管理署組織法.docx
內政部國家公園署組織法.docx
內政部建築研究所組織法.docx
內政部役政署組織法.docx
內政部消防署組織條例.docx
內政部消防署組織法.docx
內政部移民署組織法.docx
內政部空中勤務總隊組織法.docx
內政部組織法.docx
內政部警政署保安警察總隊組織通則.docx
內政部警政署刑事警察局組織條例.docx
內政部警政署國家公園警察大隊組織條例.docx
內政部警政署國道公路警察局組織條例.docx
內政部警政署民防防情指揮管制所組織條例.docx
內政部警政署港務警察局組織通則.docx
內政部警政署組織條例.docx
內政部警政署組織法.docx
內政部警政署臺灣保安警察總隊組織條例.docx
內政部警政署航空警察局組織條例.docx
內政部警政署警察廣播電臺組織條例.docx
內政部警政署警察機械修理廠組織條例.docx
內政部警政署警察電訊所組織條例.docx
內政部警政署鐵路警察局組織條例.docx
全民健康保險法.docx
全民國防教育法.docx
全民防衛動員準備法.docx
兩性工作平等法.docx
公共債務法.docx
公共場所母乳哺育條例.docx
公共服務擴大就業暫行條例.docx
公共衛生師法.docx
公共電視法.docx
公務人力發展中心組織條例.docx
公務人員交代條例.docx
公務人員任用法.docx
公務人員保障暨培訓委員會組織法.docx
公務人員保障法.docx
公務人員保險法.docx
公務人員俸給法.docx
公務人員個人專戶制退休資遣撫卹法.docx
公務人員升官等考試法.docx
公務人員協會法.docx
公務人員撫卹法.docx
公務人員考績法.docx
公務人員考試法.docx
公務人員行政中立法.docx
公務人員訓練進修法.docx
公務人員退休撫卹基金監理委員會組織條例.docx
公務人員退休撫卹基金管理委員會組織條例.docx
公務人員退休撫卹基金管理局組織法.docx
公務人員退休撫卹基金管理條例.docx
公務人員退休法.docx
公務人員退休資遣撫卹法.docx
公務人員陞遷法.docx
公務員懲戒委員會組織法.docx
公務員懲戒法.docx
公務員服務法.docx
公司法.docx
公害糾紛處理法.docx
公寓大廈管理條例.docx
公平交易委員會組織法.docx
公平交易法.docx
公庫法.docx
公教人員保險法.docx
公文程式條例.docx
公民投票法.docx
公民與政治權利國際公約及經濟社會文化權利國際公約施行法.docx
公營事業移轉民營條例.docx
公營大眾捷運股份有限公司設置管理條例.docx
公益勸募條例.docx
公益彩券發行條例.docx
公益揭弊者保護法.docx
公立國民小學及國民中學委託私人辦理條例.docx
公立學校教職員個人專戶制退休資遣撫卹條例.docx
公立學校教職員退休資遣撫卹條例.docx
公立高級中等以下學校委託私人辦理實驗教育條例.docx
公職人員利益衝突迴避法.docx
公職人員年資併社團專職人員年資計發退離給與處理條例.docx
公職人員財產申報法.docx
公職人員選舉罷免法.docx
公葬條例.docx
公設辯護人條例.docx
公證法.docx
公路法.docx
共同管道法.docx
兵役法.docx
兵役法施行法.docx
典試法.docx
再生水資源發展條例.docx
再生能源發展條例.docx
再生醫療法.docx
再生醫療製劑條例.docx
冤獄賠償法.docx
冷凍空調業管理條例.docx
出版法.docx
刑事妥速審判法.docx
刑事案件確定後去氧核醣核酸鑑定條例.docx
刑事補償法.docx
刑事訴訟法.docx
刑事訴訟法施行法.docx
刑法.docx
刑法判例彙編16-25年.docx
刑法判例彙編26-40年.docx
刑法判例彙編41-59年.docx
刑法判例彙編60-86年.docx
前瞻基礎建設特別條例.docx
加值型及非加值型營業稅法.docx
加工出口區設置管理條例.docx
助產人員法.docx
助產士法.docx
動員戡亂時期國家安全法.docx
動物保護法.docx
動物傳染病防治條例.docx
動物用藥品管理法.docx
動產擔保交易法.docx
勞動事件法.docx
勞動基準法.docx
勞動契約法.docx
勞動檢查法.docx
勞動部勞動力發展署組織法.docx
勞動部勞動及職業安全衛生研究所組織法.docx
勞動部勞動基金運用局組織法.docx
勞動部勞工保險局組織法.docx
勞動部組織法.docx
勞動部職業安全衛生署組織法.docx
勞工保險局組織條例.docx
勞工保險條例.docx
勞工保險監理委員會組織條例.docx
勞工安全衛生法.docx
勞工職業災害保險及保護法.docx
勞工退休基金監理會組織法.docx
勞工退休金條例.docx
勞資爭議處理法.docx
勳章條例.docx
化粧品衛生安全管理法.docx
化粧品衛生管理條例.docx
區域計畫法.docx
千禧年資訊年序爭議處理法.docx
博物館法.docx
印信條例.docx
印花稅法.docx
卸任總統副總統禮遇條例.docx
卸任總統禮遇條例.docx
原住民保留地禁伐補償及造林回饋條例.docx
原住民保留地禁伐補償條例.docx
原住民敬老福利生活津貼暫行條例.docx
原住民族健康法.docx
原住民族傳統智慧創作保護條例.docx
原住民族基本法.docx
原住民族委員會原住民族文化發展中心組織法.docx
原住民族委員會組織法.docx
原住民族工作權保障法.docx
原住民族教育法.docx
原住民族語言發展法.docx
原住民身分法.docx
原子能法.docx
去氧核醣核酸採樣條例.docx
反滲透法.docx
口腔健康法.docx
司法人員人事條例.docx
司法院司法人員研習所組織條例.docx
司法院大法官審理案件法.docx
司法院大法官會議法.docx
司法院組織法.docx
司法院解釋-院字1.docx
司法院解釋-院字2.docx
司法院解釋院解字.docx
司法院釋字第七四八號解釋施行法.docx
各級學校扶助學生就學勸募條例.docx
合作社法.docx
呼吸治療師法.docx
商務仲裁條例.docx
商品標示法.docx
商品檢驗法.docx
商業事件審理法.docx
商業團體法.docx
商業會計法.docx
商業登記法.docx
商標審查官資格條例.docx
商標法.docx
商港法.docx
噪音管制法.docx
嚴重急性呼吸道症候群防治及紓困暫行條例.docx
嚴重特殊傳染性肺炎防治及紓困振興特別條例.docx
因應貿易自由化調整支援條例.docx
國史館組織條例.docx
國土測繪法.docx
國土計畫法.docx
國外期貨交易法.docx
國家中山科學研究院設置條例.docx
國家人權博物館組織法.docx
國家住宅及都市更新中心設置條例.docx
國家公園法.docx
國家原子能科技研究院設置條例.docx
國家圖書館組織法.docx
國家太空中心設置條例.docx
國家安全局組織法.docx
國家安全會議組織法.docx
國家安全法.docx
國家情報工作法.docx
國家教育研究院組織法.docx
國家文化藝術基金會設置條例.docx
國家文官培訓所組織條例.docx
國家文官學院組織法.docx
國家機密保護法.docx
國家海洋研究院組織法.docx
國家災害防救科技中心設置條例.docx
國家環境研究院組織法.docx
國家發展委員會檔案管理局組織法.docx
國家發展委員會組織法.docx
國家科學及技術委員會中部科學園區管理局組織法.docx
國家科學及技術委員會南部科學園區管理局組織法.docx
國家科學及技術委員會新竹科學園區管理局組織法.docx
國家科學及技術委員會組織法.docx
國家總動員法.docx
國家表演藝術中心設置條例.docx
國家語言發展法.docx
國家資通安全研究院設置條例.docx
國家資通安全科技中心設置條例.docx
國家賠償法.docx
國家通訊傳播委員會組織法.docx
國家運動產業發展中心設置條例.docx
國家運動科學中心設置條例.docx
國家運動訓練中心設置條例.docx
國家運輸安全調查委員會組織法.docx
國家重點領域產學合作及人才培育創新條例.docx
國家金融安定基金設置及管理條例.docx
國家電影及視聽文化中心設置條例.docx
國家風景區管理處組織通則.docx
國庫券及短期借款條例.docx
國庫法.docx
國有財產法.docx
國民住宅條例.docx
國民大會代表選舉法.docx
國民大會同意權行使法.docx
國民大會組織法.docx
國民大會職權行使法.docx
國民年金法.docx
國民教育法.docx
國民法官法.docx
國民體育法.docx
國營事業管理法.docx
國營國際機場園區股份有限公司設置條例.docx
國營港務股份有限公司設置條例.docx
國營臺灣鐵路股份有限公司設置條例.docx
國父陵園管理委員會組織條例.docx
國立中正文化中心設置條例.docx
國立中正紀念堂管理處組織條例.docx
國立中正紀念堂管理處組織法.docx
國立傳統藝術中心組織法.docx
國立公共資訊圖書館組織法.docx
國立國父紀念館組織法.docx
國立大學校院校務基金設置條例.docx
國立故宮博物院組織條例.docx
國立故宮博物院組織法.docx
國立教育廣播電臺分臺組織通則.docx
國立教育廣播電臺組織條例.docx
國立教育廣播電臺組織法.docx
國立歷史博物館組織條例.docx
國立歷史博物館組織法.docx
國立海洋生物博物館組織法.docx
國立海洋科技博物館組織法.docx
國立科學工藝博物館組織法.docx
國立編譯館組織條例.docx
國立自然科學博物館組織法.docx
國立臺灣博物館組織法.docx
國立臺灣史前文化博物館組織法.docx
國立臺灣圖書館組織法.docx
國立臺灣工藝研究發展中心組織法.docx
國立臺灣文學館組織法.docx
國立臺灣歷史博物館組織法.docx
國立臺灣科學教育館組織法.docx
國立臺灣美術館組織法.docx
國立高級中等學校校務基金設置條例.docx
國籍法.docx
國籍法施行條例.docx
國軍老舊眷村改建條例.docx
國軍軍事勤務致人民傷亡損害補償條例.docx
國軍退除役官兵輔導委員會組織法.docx
國軍退除役官兵輔導條例.docx
國防工業發展基金設置條例.docx
國防法.docx
國防產業發展條例.docx
國防部主計局組織法.docx
國防部全民防衛動員署組織法.docx
國防部參謀本部組織法.docx
國防部政治作戰局組織法.docx
國防部組織法.docx
國防部軍備局組織法.docx
國防部軍醫局組織法.docx
國際刑事司法互助法.docx
國際合作發展基金會設置條例.docx
國際合作發展法.docx
國際機場園區發展條例.docx
國際金融業務條例.docx
圖書館法.docx
團體協約法.docx
土地徵收條例.docx
土地法.docx
土地法施行法.docx
土地稅法.docx
土壤及地下水污染整治法.docx
土石採取法.docx
在臺公司大陸地區股東股權行使條例.docx
地政士法.docx
地方制度法.docx
地方民意代表費用支給及村里長事務補助費補助條例.docx
地方稅法通則.docx
地籍清理條例.docx
地質法.docx
基隆河流域整治特別條例.docx
境外資金匯回管理運用及課稅條例.docx
墳墓設置管理條例.docx
壯世代政策與產業發展促進法.docx
外交部及駐外館處文件證明條例.docx
外交部外交及國際事務學院組織法.docx
外交部組織法.docx
外交部領事事務局組織法.docx
外國人應專門職業及技術人員考試條例.docx
外國人投資條例.docx
外國專業人才延攬及僱用法.docx
外國法院委託事件協助法.docx
外國護照簽證條例.docx
外役監條例.docx
多層次傳銷管理法.docx
大學法.docx
大法官解釋1-50號理由書.docx
大法官解釋100-107年.docx
大法官解釋101-150號理由書.docx
大法官解釋108-n年.docx
大法官解釋151-200號理由書.docx
大法官解釋201-250號理由書.docx
大法官解釋251-300號理由書.docx
大法官解釋301-350號理由書.docx
大法官解釋351-400號理由書.docx
大法官解釋38-60年.docx
大法官解釋401-450號理由書.docx
大法官解釋451-500號理由書.docx
大法官解釋501-550號理由書.docx
大法官解釋51-100號理由書.docx
大法官解釋551-600號理由書.docx
大法官解釋601-650號理由書.docx
大法官解釋61-78年.docx
大法官解釋651-700號理由書.docx
大法官解釋651-700號理由書02.docx
大法官解釋701-750號理由書.docx
大法官解釋701-750號理由書02.docx
大法官解釋751-800號理由書.docx
大法官解釋79-86年.docx
大法官解釋801-850號理由書.docx
大法官解釋87-91年.docx
大法官解釋92-99年.docx
大法官解釋92-n年.docx
大理院解釋-統字.docx
大眾捷運法.docx
大眾運輸工具播音語言平等保障法.docx
大量解僱勞工保護法.docx
大陸委員會組織法.docx
天然氣事業法.docx
太空發展法.docx
契稅條例.docx
妨害兵役治罪條例.docx
妨害國家總動員懲罰暫行條例.docx
妨害國幣懲治條例.docx
妨害軍機治罪條例.docx
姓名條例.docx
威權統治時期國家不法行為被害者權利回復條例.docx
娛樂稅法.docx
存款保險條例.docx
學位授予法.docx
學校型態實驗教育實施條例.docx
學校教職員撫卹條例.docx
學校教職員退休條例.docx
學校法人及其所屬私立學校教職員退休撫卹離職資遣條例.docx
學校衛生法.docx
學生輔導法.docx
安寧緩和醫療條例.docx
宗教團體以自然人名義登記不動產處理暫行條例.docx
客家基本法.docx
客家委員會客家文化發展中心組織法.docx
客家委員會組織法.docx
宣誓條例.docx
室內空氣品質管理法.docx
家事事件法.docx
家庭教育法.docx
家庭暴力防治法.docx
實施耕者有其田條例.docx
審計人員任用條例.docx
審計法.docx
審計處室組織通則.docx
審計部組織法.docx
專利審查官資格條例.docx
專利師法.docx
專利法.docx
專科學校法.docx
專門職業及技術人員考試法.docx
專門職業及技術人員轉任公務人員條例.docx
少年事件處理法.docx
少年及家事法院組織法.docx
少年矯正學校設置及教育實施通則.docx
少年福利法.docx
少年觀護所設置及實施通則.docx
少年輔育院條例.docx
就業保險法.docx
就業服務法.docx
山坡地保育利用條例.docx
工廠法.docx
工廠管理輔導法.docx
工會法.docx
工業團體法.docx
工業技術研究院設置條例.docx
工程受益費徵收條例.docx
工程技術顧問公司管理條例.docx
市區道路條例.docx
師資培育法.docx
平均地權條例.docx
幼兒教育及照顧法.docx
幼稚教育法.docx
度量衡法.docx
廢棄物清理法.docx
廣播電視法.docx
建築師法.docx
建築法.docx
引水法.docx
引渡法.docx
強制執行法.docx
強制汽車責任保險法.docx
強迫入學條例.docx
律師法.docx
後備軍人召集優待條例.docx
後備軍人轉任公職考試比敘條例.docx
後天免疫缺乏症候群防治條例.docx
心理師法.docx
志願士兵服役條例.docx
志願服務法.docx
性侵害犯罪防治法.docx
性別工作平等法.docx
性別平等工作法.docx
性別平等教育法.docx
性騷擾防治法.docx
憲法.docx
憲法訴訟法.docx
懲戒法院組織法.docx
懲治叛亂條例.docx
懲治盜匪條例.docx
懲治走私條例.docx
戒嚴時期不當叛亂暨匪諜審判案件補償條例.docx
戒嚴時期人民受損權利回復條例.docx
戒嚴法.docx
戒治處分執行條例.docx
戡亂時期檢肅匪諜條例.docx
戡亂時期肅清煙毒條例.docx
戡亂時期貪污治罪條例.docx
戰地公務人員管理條例.docx
戰士授田憑據處理條例.docx
戰時禁制品條例.docx
戰時軍律.docx
戶口普查法.docx
戶籍法.docx
房屋稅條例.docx
所得基本稅額條例.docx
所得稅法.docx
技師法.docx
技術人員任用條例.docx
技術及職業教育法.docx
投資經營非我國籍漁船管理條例.docx
振興經濟擴大公共建設特別條例.docx
振興經濟消費券發放特別條例.docx
推動募兵制暫行條例.docx
提存法.docx
提審法.docx
擴大公共建設投資特別條例.docx
擴大公共建設振興經濟暫行條例.docx
放射性物料管理法.docx
政務人員退職撫卹條例.docx
政務人員退職酬勞金給與條例.docx
政府採購法.docx
政府資訊公開法.docx
政治檔案條例.docx
政治獻金法.docx
政風機構人員設置條例.docx
政風機構人員設置管理條例.docx
政黨及其附隨組織不當取得財產處理條例.docx
政黨法.docx
教保服務人員條例.docx
教師待遇條例.docx
教師法.docx
教育人員任用條例.docx
教育基本法.docx
教育會法.docx
教育經費編列與管理法.docx
教育部國民及學前教育署組織法.docx
教育部所屬機構作業基金設置條例.docx
教育部組織法.docx
教育部青年發展署組織法.docx
教育部體育署組織法.docx
敬老福利生活津貼暫行條例.docx
數位發展部數位產業署組織法.docx
數位發展部組織法.docx
數位發展部資通安全署組織法.docx
文化內容策進院設置條例.docx
文化創意產業發展法.docx
文化基本法.docx
文化藝術獎助及促進條例.docx
文化藝術獎助條例.docx
文化資產保存法.docx
文化部影視及流行音樂產業局組織法.docx
文化部文化資產局組織法.docx
文化部組織法.docx
新住民基本法.docx
新市鎮開發條例.docx
新式戰機採購特別條例.docx
智慧財產及商業法院組織法.docx
智慧財產案件審理法.docx
智慧財產法院組織法.docx
更生保護法.docx
曾文南化烏山頭水庫治理及穩定南部地區供水特別條例.docx
替代役實施條例.docx
最低工資法.docx
最高法院刑事庭會議決議01.docx
最高法院刑事庭會議決議02.docx
最高法院刑事庭會議決議03.docx
最高法院刑事庭會議決議04.docx
最高法院最新刑事判例.docx
最高法院最新民事判例.docx
最高法院民事庭會議決議01.docx
最高法院民事庭會議決議02.docx
最高法院民事庭會議決議03.docx
最高法院民事庭會議決議04.docx
最高法院解釋-解字.docx
最高行政法院判例彙編22-50年.docx
最高行政法院判例彙編51-60年.docx
最高行政法院判例彙編61-90年.docx
最高行政法院判例彙編91-n年.docx
會計師法.docx
會計法.docx
有機農業促進法.docx
有線廣播電視法.docx
有限合夥法.docx
期貨交易法.docx
期貨交易稅條例.docx
核子事故緊急應變法.docx
核子反應器設施管制法.docx
核子損害賠償法.docx
核能安全委員會組織法.docx
條約締結法.docx
森林法.docx
植物品種及種苗法.docx
植物種苗法.docx
植物診療師法.docx
植物防疫檢疫法.docx
榮民總醫院組織通則.docx
槍砲彈藥刀械管制條例.docx
標準法.docx
機關營繕工程及購置定製變賣財物稽察條例.docx
檔案法.docx
檢肅流氓條例.docx
殘害人群治罪條例.docx
殯葬管理條例.docx
殺傷性地雷管制條例.docx
毒品危害防制條例.docx
毒性化學物質管理法.docx
毒性及關注化學物質管理法.docx
民事訴訟合意選定法官審判暫行條例.docx
民事訴訟法.docx
民事訴訟法施行法.docx
民事訴訟費用法.docx
民刑事訴訟卷宗滅失案件處理法.docx
民國八十八年九月二十五日總統緊急命令.docx
民法.docx
民法債編施行法.docx
民法判例彙編16-25年.docx
民法判例彙編26-40年.docx
民法判例彙編41-60年.docx
民法判例彙編61-90年.docx
民法物權編施行法.docx
民法總則施行法.docx
民法繼承編施行法.docx
民法親屬編施行法.docx
民營公用事業監督條例.docx
民用航空法.docx
民防法.docx
氣候變遷因應法.docx
氣象法.docx
水下文化資產保存法.docx
水利法.docx
水土保持法.docx
水患治理特別條例.docx
水污染防治法.docx
決算法.docx
油症患者健康照護服務條例.docx
法務部司法官學院組織法.docx
法務部司法官訓練所組織條例.docx
法務部廉政署組織法.docx
法務部戒治所組織通則.docx
法務部技能訓練所組織條例.docx
法務部法醫研究所組織條例.docx
法務部法醫研究所組織法.docx
法務部矯正人員訓練所組織條例.docx
法務部矯正署組織法.docx
法務部組織法.docx
法務部行政執行署組織條例.docx
法務部行政執行署組織法.docx
法務部調查局組織條例.docx
法務部調查局組織法.docx
法官學院組織法.docx
法官法.docx
法律扶助法.docx
法醫師法.docx
法院組織法.docx
洗錢防制法.docx
派用人員派用條例.docx
流域綜合治理特別條例.docx
海上捕獲條例.docx
海上捕獲法庭審判條例.docx
海商法.docx
海域石油礦探採條例.docx
海岸巡防機關器械使用條例.docx
海岸巡防法.docx
海岸管理法.docx
海洋保育法.docx
海洋基本法.docx
海洋委員會海巡署組織法.docx
海洋委員會海洋保育署組織法.docx
海洋委員會組織法.docx
海洋污染防治法.docx
海洋產業發展條例.docx
海空戰力提升計畫採購特別條例.docx
海關緝私條例.docx
消費者保護法.docx
消費者債務清理條例.docx
消防法.docx
消防設備人員法.docx
消除對婦女一切形式歧視公約施行法.docx
涉外民事法律適用法.docx
測量標設置保護條例.docx
游離輻射防護法.docx
溫室氣體減量及管理法.docx
溫泉法.docx
漁會法.docx
漁業法.docx
漁港法.docx
漢生病病患人權保障及補償條例.docx
漢翔航空工業股份有限公司設置條例.docx
濕地保育法.docx
災害防救法.docx
無人載具科技創新實驗條例.docx
無線電視事業公股處理條例.docx
營業秘密法.docx
營造業法.docx
營養及健康飲食促進法.docx
營養師法.docx
爆竹煙火管理條例.docx
牙體技術師法.docx
物理治療師法.docx
特殊境遇婦女家庭扶助條例.docx
特殊境遇家庭扶助條例.docx
特殊教育法.docx
特種勤務條例.docx
特種貨物及勞務稅條例.docx
犯罪被害人保護法.docx
犯罪被害人權益保障法.docx
獎勵投資條例.docx
獎勵民間參與交通建設條例.docx
獎章條例.docx
獸醫師法.docx
現行法規所定貨幣單位折算新臺幣條例.docx
環境基本法.docx
環境影響評估法.docx
環境教育法.docx
環境用藥管理法.docx
環境部化學物質管理署組織法.docx
環境部氣候變遷署組織法.docx
環境部環境管理署組織法.docx
環境部組織法.docx
環境部資源循環署組織法.docx
生技新藥產業發展條例.docx
生技醫藥產業發展條例.docx
生產事故救濟條例.docx
產業創新條例.docx
畜牧法.docx
當舖業法.docx
疫後強化經濟與社會韌性及全民共享經濟成果特別條例.docx
病人自主權利法.docx
癌症防治法.docx
發展大眾運輸條例.docx
發展觀光條例.docx
監察法.docx
監察院各委員會組織法.docx
監察院國家人權委員會組織法.docx
監察院監察委員行署組織條例.docx
監察院組織法.docx
監獄組織通則.docx
監獄行刑法.docx
監督寺廟條例.docx
監試法.docx
省縣自治法.docx
看守所組織通則.docx
石油管理法.docx
石門水庫及其集水區整治特別條例.docx
破產法.docx
破產法施行法.docx
礦場安全法.docx
礦業法.docx
社區大學發展條例.docx
社會工作師法.docx
社會救助法.docx
社會教育法.docx
社會福利基本法.docx
社會秩序維護法.docx
票券金融管理法.docx
票據法.docx
祭祀公業條例.docx
私立學校教職員保險條例.docx
私立學校法.docx
私立高級中等以上學校退場條例.docx
科學園區設置管理條例.docx
科學工業園區設置管理條例.docx
科學技術基本法.docx
科技產業園區設置管理條例.docx
科技部中部科學園區管理局組織法.docx
科技部中部科學工業園區管理局組織法.docx
科技部南部科學園區管理局組織法.docx
科技部南部科學工業園區管理局組織法.docx
科技部新竹科學園區管理局組織法.docx
科技部新竹科學工業園區管理局組織法.docx
科技部組織法.docx
租賃住宅市場發展及管理條例.docx
稅捐稽徵法.docx
積體電路電路布局保護法.docx
空中大學設置條例.docx
空氣污染防制法.docx
竊盜犯贓物犯保安處分條例.docx
立法委員行為法.docx
立法院各委員會組織法.docx
立法院立法委員選舉罷免法.docx
立法院立法委員選舉罷免法施行條例.docx
立法院組織法.docx
立法院職權行使法.docx
第一屆資深中央民意代表自願退職條例.docx
管制藥品管理條例.docx
管收條例.docx
管理外匯條例.docx
簡易人壽保險法.docx
精神衛生法.docx
糧食管理法.docx
納稅者權利保護法.docx
終身學習法.docx
組織犯罪防制條例.docx
統計法.docx
經濟部中央標準局組織條例.docx
經濟部中小及新創企業署組織法.docx
經濟部加工出口區管理處所屬各分處組織通則.docx
經濟部加工出口區管理處組織條例.docx
經濟部商業發展署組織法.docx
經濟部國際貿易署組織法.docx
經濟部地質調查及礦業管理中心組織法.docx
經濟部智慧財產局組織條例.docx
經濟部智慧財產局組織法.docx
經濟部標準檢驗局組織法.docx
經濟部水利署組織法.docx
經濟部產業園區管理局組織條例.docx
經濟部產業園區管理局組織法.docx
經濟部產業發展署組織法.docx
經濟部組織法.docx
經濟部能源局組織條例.docx
經濟部能源署組織法.docx
緊急醫療救護法.docx
總統副總統及特任人員月俸公費支給暫行條例.docx
總統副總統待遇支給條例.docx
總統副總統文物管理條例.docx
總統副總統選舉罷免法.docx
罕見疾病防治及藥物法.docx
罰金罰鍰提高標準條例.docx
羈押法.docx
義務役服役期間提繳退休金條例.docx
老人福利法.docx
老年農民福利津貼暫行條例.docx
考試院組織法.docx
考選部組織法.docx
耕地三七五減租條例.docx
聘用人員聘用條例.docx
聯合國反貪腐公約施行法.docx
職工福利金條例.docx
職業學校法.docx
職業安全衛生法.docx
職業災害勞工保護法.docx
職業訓練法.docx
職能治療師法.docx
聽力師法.docx
肅清煙毒條例.docx
肥料管理法.docx
能源管理法.docx
自來水法.docx
自殺防治法.docx
自由貿易港區設置管理條例.docx
自衛槍枝管理條例.docx
臺灣地區砂糖平準基金條例.docx
臺灣地區與大陸地區人民關係條例.docx
臺灣省內菸酒專賣暫行條例.docx
臺灣省政府功能業務與組織調整暫行條例.docx
臺灣省政府業務與組織調整暫行條例.docx
臺灣菸酒股份有限公司條例.docx
臺灣警察專科學校組織條例.docx
臺灣金融控股股份有限公司條例.docx
航業法.docx
航路標識條例.docx
船員法.docx
船舶法.docx
船舶登記法.docx
花東地區發展條例.docx
莫拉克颱風災後重建特別條例.docx
華僑回國投資條例.docx
華僑身分證明條例.docx
菸害防制法.docx
菸酒稅法.docx
菸酒管理法.docx
著作權仲介團體條例.docx
著作權法.docx
著作權集體管理團體條例.docx
蒙藏委員會組織法.docx
蒙藏族身分證明條例.docx
蒙藏邊區人員任用條例.docx
藝術教育法.docx
藥事法.docx
藥害救濟法.docx
藥師法.docx
藥物藥商管理法.docx
血液製劑條例.docx
行人交通安全設施條例.docx
行刑累進處遇條例.docx
行政執行法.docx
行政執行處組織通則.docx
行政法人法.docx
行政法院庭長法官聯席會議01.docx
行政法院庭長法官聯席會議02.docx
行政法院庭長法官聯席會議03.docx
行政法院庭長法官聯席會議04.docx
行政法院組織法.docx
行政程序法.docx
行政罰法.docx
行政訴訟法.docx
行政訴訟法施行法.docx
行政院主計總處組織法.docx
行政院主計處組織法.docx
行政院人事行政局組織條例.docx
行政院人事行政總處公務人力發展中心組織法.docx
行政院人事行政總處公務人力發展學院組織法.docx
行政院人事行政總處地方行政研習中心組織法.docx
行政院人事行政總處組織法.docx
行政院公平交易委員會組織條例.docx
行政院功能業務與組織調整暫行條例.docx
行政院功能業務與組織調整條例.docx
行政院勞工委員會組織條例.docx
行政院勞工委員會職業訓練局組織條例.docx
行政院原住民族委員會文化園區管理局組織條例.docx
行政院原住民族委員會組織條例.docx
行政院原子能委員會組織條例.docx
行政院國家科學委員會組織條例.docx
行政院國軍退除役官兵輔導委員會組織條例.docx
行政院大陸委員會組織條例.docx
行政院客家委員會組織條例.docx
行政院海岸巡防署海岸巡防總局各地區巡防局組織通則.docx
行政院海岸巡防署海岸巡防總局組織條例.docx
行政院海岸巡防署海洋巡防總局組織條例.docx
行政院海岸巡防署組織法.docx
行政院環境保護署毒物及化學物質局組織法.docx
行政院組織法.docx
行政院衛生署中央健康保險局組織法.docx
行政院衛生署疾病管制局組織條例.docx
行政院衛生署組織法.docx
行政院衛生署預防醫學研究所組織條例.docx
行政院衛生署食品藥物管理局組織法.docx
行政院農業委員會水土保持局組織法.docx
行政院金融監督管理委員會組織法.docx
行政院金融監督管理委員會銀行局組織法.docx
行政院金融重建基金設置及管理條例.docx
衛星廣播電視法.docx
衛生福利部中央健康保險署組織法.docx
衛生福利部國家中醫藥研究所組織法.docx
衛生福利部國民健康署組織法.docx
衛生福利部疾病管制署組織法.docx
衛生福利部社會及家庭署組織法.docx
衛生福利部組織法.docx
衛生福利部食品藥物管理署組織法.docx
補習及進修教育法.docx
褒揚條例.docx
要塞堡壘地帶法.docx
規費法.docx
觀察勒戒處分執行條例.docx
解剖屍體條例.docx
記帳士法.docx
訴願法.docx
詐欺犯罪危害防制條例.docx
語言治療師法.docx
調度司法警察條例.docx
請願法.docx
證人保護法.docx
證券交易法.docx
證券交易稅條例.docx
證券投資人及期貨交易人保護法.docx
證券投資信託及顧問法.docx
警察人員人事條例.docx
警察人員管理條例.docx
警察刑事紀錄證明核發條例.docx
警察勤務條例.docx
警察教育條例.docx
警察服制條例.docx
警察法.docx
警察消防海巡移民空勤人員及協勤民力安全基金設置管理條例.docx
警察消防海巡空勤人員及協勤民力安全基金設置管理條例.docx
警察獎章條例.docx
警察職權行使法.docx
警械使用條例.docx
護照條例.docx
護理人員法.docx
財務罰鍰處理暫行條例.docx
財團法人原住民族文化事業基金會設置條例.docx
財團法人原住民族語言研究發展基金會設置條例.docx
財團法人客家公共傳播基金會設置條例.docx
財團法人法.docx
財團法人鐵道技術研究及驗證中心設置條例.docx
財政收支劃分法.docx
財政紀律法.docx
財政部各地區國稅局組織通則.docx
財政部各地區支付處組織通則.docx
財政部國庫署組織法.docx
財政部國有財產局組織條例.docx
財政部國有財產署組織法.docx
財政部組織法.docx
財政部證券暨期貨管理委員會組織條例.docx
財政部財政資訊中心組織法.docx
財政部財稅資料中心組織條例.docx
財政部賦稅署組織法.docx
財政部關務署組織法.docx
貨物稅條例.docx
貪污治罪條例.docx
貿易法.docx
資恐防制法.docx
資源回收再利用法.docx
資通安全管理法.docx
赦免法.docx
跟蹤騷擾防制法.docx
跨國移交受刑人法.docx
身心障礙者保護法.docx
身心障礙者權利公約施行法.docx
身心障礙者權益保障法.docx
軍事審判法.docx
軍事審判法施行法.docx
軍事教育條例.docx
軍事營區安全維護條例.docx
軍人保險條例.docx
軍人及其家屬優待條例.docx
軍人待遇條例.docx
軍人撫卹條例.docx
軍人權益事件處理法.docx
軍公教遺族就學費用優待條例.docx
軍法人員轉任司法官條例.docx
農地重劃條例.docx
農會法.docx
農村再生條例.docx
農村社區土地重劃條例.docx
農業保險法.docx
農業發展條例.docx
農業科技園區設置管理條例.docx
農業部動植物防疫檢疫署組織法.docx
農業部林業及自然保育署組織法.docx
農業部林業試驗所組織法.docx
農業部水產試驗所組織法.docx
農業部漁業署組織法.docx
農業部獸醫研究所組織法.docx
農業部生物多樣性研究所組織法.docx
農業部畜產試驗所組織法.docx
農業部組織法.docx
農業部農村發展及水土保持署組織法.docx
農業部農業科技園區管理中心組織法.docx
農業部農業藥物試驗所組織法.docx
農業部農業試驗所組織法.docx
農業部農業金融署組織法.docx
農業部農田水利署組織法.docx
農業部農糧署組織法.docx
農業金融法.docx
農民健康保險條例.docx
農民退休儲金條例.docx
農產品市場交易法.docx
農產品生產及驗證管理法.docx
農田水利會組織通則.docx
農田水利法.docx
農藥管理法.docx
通訊保障及監察法.docx
通訊傳播基本法.docx
遊說法.docx
運動彩券發行條例.docx
運動產業發展條例.docx
運動部全民運動署組織法.docx
運動部組織法.docx
運輸事故調查法.docx
道路交通安全基本法.docx
道路交通管理處罰條例.docx
違警罰法.docx
遠洋漁業條例.docx
遺產及贈與稅法.docx
郵政儲金匯兌法.docx
郵政儲金法.docx
郵政法.docx
都市危險及老舊建築物加速重建條例.docx
都市更新條例.docx
都市計畫法.docx
鄉鎮市調解條例.docx
醫事人員人事條例.docx
醫事放射師法.docx
醫事檢驗師法.docx
醫師法.docx
醫療事故預防及爭議處理法.docx
醫療器材管理法.docx
醫療法.docx
野生動物保育法.docx
金融控股公司法.docx
金融機構合併法.docx
金融消費者保護法.docx
金融監督管理委員會保險局組織法.docx
金融監督管理委員會檢查局組織法.docx
金融監督管理委員會組織法.docx
金融監督管理委員會證券期貨局組織法.docx
金融監督管理委員會銀行局組織法.docx
金融科技發展與創新實驗條例.docx
金融資產證券化條例.docx
金門馬祖東沙南沙地區安全及輔導條例.docx
銀行法.docx
銓敘部組織法.docx
鐵路法.docx
鐵路軍事運輸條例.docx
長期照顧服務機構法人條例.docx
長期照顧服務法.docx
關務人員人事條例.docx
關稅法.docx
防空法.docx
陸海空軍刑法.docx
陸海空軍勳賞條例.docx
陸海空軍懲罰法.docx
陸海空軍服制條例.docx
陸海空軍獎勵條例.docx
陸海空軍軍官士官任官條例.docx
陸海空軍軍官士官任職條例.docx
陸海空軍軍官士官服役條例.docx
陸海空軍軍官士官考績條例.docx
陸海空軍軍旗條例.docx
集會遊行法.docx
離島建設條例.docx
零售市場管理條例.docx
電信法.docx
電信管理法.docx
電子支付機構管理條例.docx
電子票證發行管理條例.docx
電子簽章法.docx
電子遊戲場業管理條例.docx
電影法.docx
電業法.docx
電腦處理個人資料保護法.docx
非訟事件法.docx
預算法.docx
飛航事故調查法.docx
飛航安全調查委員會組織法.docx
食品安全衛生管理法.docx
食品衛生管理法.docx
食農教育法.docx
飲用水管理條例.docx
飼料管理法.docx
香港澳門關係條例.docx
駐外外交領事人員任用條例.docx
駐外機構組織通則.docx
駐華外國機構及其人員特權暨豁免條例.docx
驗光人員法.docx
高級中學法.docx
高級中等以下學校學生及教保服務機構幼兒團體保險條例.docx
高級中等以下教育階段非學校型態實驗教育實施條例.docx
高級中等學校建教合作實施及建教生權益保障法.docx
高級中等教育法.docx
麻醉藥品管理條例.docx